2026-07-31 22:56:28,319 - INFO - Scanning dataset...
2026-07-31 22:56:28,322 - INFO - Extracting metadata from dataset root: C:\Users\91630\Desktop\Code Playground\Deep Learning-based Motor Imagery EEG Classification\hgd...
2026-07-31 22:56:28,322 - INFO - Scanning dataset under base directory: C:\Users\91630\Desktop\Code Playground\Deep Learning-based Motor Imagery EEG Classification\hgd
2026-07-31 22:56:28,324 - INFO - Found 28 EDF files to profile.
2026-07-31 22:56:28,331 - INFO - Extracting metadata from 1.edf
2026-07-31 22:56:28,331 - INFO - Reading EDF: C:\Users\91630\Desktop\Code Playground\Deep Learning-based Motor Imagery EEG Classification\hgd\train1\1.edf
2026-07-31 22:56:34,284 - INFO - Extracting metadata from 2.edf
2026-07-31 22:56:34,287 - INFO - Reading EDF: C:\Users\91630\Desktop\Code Playground\Deep Learning-based Motor Imagery EEG Classification\hgd\train1\2.edf
2026-07-31 22:56:52,179 - INFO - Extracting metadata from 3.edf
2026-07-31 22:56:52,179 - INFO - Reading EDF: C:\Users\91630\Desktop\Code Playground\Deep Learning-based Motor Imagery EEG Classification\hgd\train1\3.edf
2026-07-31 22:56:54,978 - INFO - Extracting metadata from 4.edf
2026-07-31 22:56:54,979 - INFO - Reading EDF: C:\Users\91630\Desktop\Code Playground\Deep Learning-based Motor Imagery EEG Classification\hgd\train1\4.edf
2026-07-31 22:56:57,514 - INFO - Extracting metadata from 5.edf
2026-07-31 22:56:57,514 - INFO - Reading EDF: C:\Users\91630\Desktop\Code Playground\Deep Learning-based Motor Imagery EEG Classification\hgd\train1\5.edf
2026-07-31 22:57:00,100 - INFO - Extracting metadata from 6.edf
2026-07-31 22:57:00,100 - INFO - Reading EDF: C:\Users\91630\Desktop\Code Playground\Deep Learning-based Motor Imagery EEG Classification\hgd\train1\6.edf
2026-07-31 22:57:02,606 - INFO - Extracting metadata from 7.edf
2026-07-31 22:57:02,607 - INFO - Reading EDF: C:\Users\91630\Desktop\Code Playground\Deep Learning-based Motor Imagery EEG Classification\hgd\train1\7.edf
2026-07-31 22:57:05,035 - INFO - Extracting metadata from 8.edf
2026-07-31 22:57:05,035 - INFO - Reading EDF: C:\Users\91630\Desktop\Code Playground\Deep Learning-based Motor Imagery EEG Classification\hgd\train1\8.edf
2026-07-31 22:57:07,653 - INFO - Extracting metadata from 9.edf
2026-07-31 22:57:07,654 - INFO - Reading EDF: C:\Users\91630\Desktop\Code Playground\Deep Learning-based Motor Imagery EEG Classification\hgd\train1\9.edf
2026-07-31 22:57:10,115 - INFO - Extracting metadata from 10.edf
2026-07-31 22:57:10,116 - INFO - Reading EDF: C:\Users\91630\Desktop\Code Playground\Deep Learning-based Motor Imagery EEG Classification\hgd\train1\10.edf
2026-07-31 22:57:25,171 - INFO - Extracting metadata from 11.edf
2026-07-31 22:57:25,174 - INFO - Reading EDF: C:\Users\91630\Desktop\Code Playground\Deep Learning-based Motor Imagery EEG Classification\hgd\train1\11.edf
2026-07-31 22:57:57,334 - INFO - Extracting metadata from 12.edf
2026-07-31 22:57:57,337 - INFO - Reading EDF: C:\Users\91630\Desktop\Code Playground\Deep Learning-based Motor Imagery EEG Classification\hgd\train1\12.edf
2026-07-31 22:58:34,451 - INFO - Extracting metadata from 13.edf
2026-07-31 22:58:34,453 - INFO - Reading EDF: C:\Users\91630\Desktop\Code Playground\Deep Learning-based Motor Imagery EEG Classification\hgd\train1\13.edf
2026-07-31 22:58:44,234 - INFO - Extracting metadata from 14.edf
2026-07-31 22:58:44,234 - INFO - Reading EDF: C:\Users\91630\Desktop\Code Playground\Deep Learning-based Motor Imagery EEG Classification\hgd\train1\14.edf
2026-07-31 22:59:06,711 - INFO - Extracting metadata from 1.edf
2026-07-31 22:59:06,715 - INFO - Reading EDF: C:\Users\91630\Desktop\Code Playground\Deep Learning-based Motor Imagery EEG Classification\hgd\test1\1.edf
2026-07-31 22:59:26,709 - INFO - Extracting metadata from 2.edf
2026-07-31 22:59:26,714 - INFO - Reading EDF: C:\Users\91630\Desktop\Code Playground\Deep Learning-based Motor Imagery EEG Classification\hgd\test1\2.edf
2026-07-31 22:59:46,378 - INFO - Extracting metadata from 3.edf
2026-07-31 22:59:46,382 - INFO - Reading EDF: C:\Users\91630\Desktop\Code Playground\Deep Learning-based Motor Imagery EEG Classification\hgd\test1\3.edf
2026-07-31 22:59:49,584 - INFO - Extracting metadata from 4.edf
2026-07-31 22:59:49,584 - INFO - Reading EDF: C:\Users\91630\Desktop\Code Playground\Deep Learning-based Motor Imagery EEG Classification\hgd\test1\4.edf
2026-07-31 22:59:50,906 - INFO - Extracting metadata from 5.edf
2026-07-31 22:59:50,906 - INFO - Reading EDF: C:\Users\91630\Desktop\Code Playground\Deep Learning-based Motor Imagery EEG Classification\hgd\test1\5.edf
2026-07-31 22:59:52,094 - INFO - Extracting metadata from 6.edf
2026-07-31 22:59:52,094 - INFO - Reading EDF: C:\Users\91630\Desktop\Code Playground\Deep Learning-based Motor Imagery EEG Classification\hgd\test1\6.edf
2026-07-31 22:59:55,676 - INFO - Extracting metadata from 7.edf
2026-07-31 22:59:55,680 - INFO - Reading EDF: C:\Users\91630\Desktop\Code Playground\Deep Learning-based Motor Imagery EEG Classification\hgd\test1\7.edf
2026-07-31 23:00:06,064 - INFO - Extracting metadata from 8.edf
2026-07-31 23:00:06,066 - INFO - Reading EDF: C:\Users\91630\Desktop\Code Playground\Deep Learning-based Motor Imagery EEG Classification\hgd\test1\8.edf
2026-07-31 23:00:16,303 - INFO - Extracting metadata from 9.edf
2026-07-31 23:00:16,308 - INFO - Reading EDF: C:\Users\91630\Desktop\Code Playground\Deep Learning-based Motor Imagery EEG Classification\hgd\test1\9.edf
2026-07-31 23:00:26,444 - INFO - Extracting metadata from 10.edf
2026-07-31 23:00:26,448 - INFO - Reading EDF: C:\Users\91630\Desktop\Code Playground\Deep Learning-based Motor Imagery EEG Classification\hgd\test1\10.edf
2026-07-31 23:00:37,787 - INFO - Extracting metadata from 11.edf
2026-07-31 23:00:37,789 - INFO - Reading EDF: C:\Users\91630\Desktop\Code Playground\Deep Learning-based Motor Imagery EEG Classification\hgd\test1\11.edf
2026-07-31 23:00:47,281 - INFO - Extracting metadata from 12.edf
2026-07-31 23:00:47,284 - INFO - Reading EDF: C:\Users\91630\Desktop\Code Playground\Deep Learning-based Motor Imagery EEG Classification\hgd\test1\12.edf
2026-07-31 23:00:56,141 - INFO - Extracting metadata from 13.edf
2026-07-31 23:00:56,145 - INFO - Reading EDF: C:\Users\91630\Desktop\Code Playground\Deep Learning-based Motor Imagery EEG Classification\hgd\test1\13.edf
2026-07-31 23:01:05,319 - INFO - Extracting metadata from 14.edf
2026-07-31 23:01:05,326 - INFO - Reading EDF: C:\Users\91630\Desktop\Code Playground\Deep Learning-based Motor Imagery EEG Classification\hgd\test1\14.edf
2026-07-31 23:01:15,514 - INFO - Computing statistics...
2026-07-31 23:01:15,524 - INFO - Computing summary statistics across all scanned files...
2026-07-31 23:01:15,562 - INFO - Executing dataset validation checks...
2026-07-31 23:01:15,578 - INFO - Generating plots...
2026-07-31 23:01:15,589 - INFO - Generating plot: annotation_distribution.png
2026-07-31 23:01:31,208 - INFO - Generating plot: class_distribution.png
2026-07-31 23:01:38,109 - INFO - Generating plot: recording_duration_distribution.png
2026-07-31 23:01:45,813 - INFO - Generating plot: channel_count_distribution.png
2026-07-31 23:01:50,386 - INFO - Generating plot: channel_presence_heatmap.png
2026-07-31 23:01:52,178 - INFO - Generating signal preview plot: sample_signal_train.png
2026-07-31 23:01:55,058 - INFO - Generating signal preview plot: sample_signal_test.png
2026-07-31 23:01:56,782 - INFO - Exporting reports...
2026-07-31 23:01:56,788 - INFO - Exported dataset summary JSON to C:\Users\91630\Desktop\Code Playground\Deep Learning-based Motor Imagery EEG Classification\outputs\reports\dataset_summary.json
2026-07-31 23:01:56,789 - INFO - Exported dataset summary Markdown to C:\Users\91630\Desktop\Code Playground\Deep Learning-based Motor Imagery EEG Classification\outputs\reports\dataset_summary.md
2026-07-31 23:01:56,790 - INFO - Exported dataset fingerprint to C:\Users\91630\Desktop\Code Playground\Deep Learning-based Motor Imagery EEG Classification\outputs\reports\dataset_fingerprint.json
2026-07-31 23:01:56,791 - INFO - Exported event dictionary to C:\Users\91630\Desktop\Code Playground\Deep Learning-based Motor Imagery EEG Classification\outputs\reports\event_dictionary.json
2026-07-31 23:01:56,793 - INFO - Exported file metadata CSV to C:\Users\91630\Desktop\Code Playground\Deep Learning-based Motor Imagery EEG Classification\outputs\reports\file_metadata.csv
2026-07-31 23:01:56,812 - INFO - Exported signal statistics CSV to C:\Users\91630\Desktop\Code Playground\Deep Learning-based Motor Imagery EEG Classification\outputs\reports\signal_statistics.csv
2026-07-31 23:01:56,817 - INFO - Exported raw metadata JSON to C:\Users\91630\Desktop\Code Playground\Deep Learning-based Motor Imagery EEG Classification\outputs\reports\raw_metadata.json
2026-07-31 23:01:56,818 - INFO - Exported validation report Markdown to C:\Users\91630\Desktop\Code Playground\Deep Learning-based Motor Imagery EEG Classification\outputs\reports\validation_report.md
2026-07-31 23:01:56,818 - INFO - Dataset profiling completed.
